src/app/api/auth/user/route.ts(2,30): error TS2307: Cannot find module '@/supabase/server' or its corresponding type declarations.
src/app/api/razorpay/create-subscription/route.ts(2,30): error TS2307: Cannot find module '@/supabase/server' or its corresponding type declarations.
src/app/api/razorpay/webhook/route.ts(2,30): error TS2307: Cannot find module '@/supabase/server' or its corresponding type declarations.
src/app/editor/components/ModeSelector.tsx(4,46): error TS2307: Cannot find module '@/lib/ai/modes' or its corresponding type declarations.
src/app/editor/components/ModeSelector.tsx(60,24): error TS18046: 'mode' is of type 'unknown'.
src/app/editor/components/ModeSelector.tsx(62,34): error TS18046: 'mode' is of type 'unknown'.
src/app/editor/components/ModeSelector.tsx(66,37): error TS18046: 'mode' is of type 'unknown'.
src/app/editor/components/ModeSelector.tsx(70,63): error TS18046: 'mode' is of type 'unknown'.
src/app/editor/components/ModeSelector.tsx(73,67): error TS18046: 'mode' is of type 'unknown'.
src/app/editor/components/ModeSelector.tsx(74,42): error TS18046: 'mode' is of type 'unknown'.
src/app/editor/components/ModeSelector.tsx(80,67): error TS18046: 'mode' is of type 'unknown'.
src/app/editor/components/ModeSelector.tsx(82,26): error TS18046: 'mode' is of type 'unknown'.
src/app/editor/components/ModeSelector.tsx(82,57): error TS7006: Parameter 'example' implicitly has an 'any' type.
src/app/editor/components/ModeSelector.tsx(82,66): error TS7006: Parameter 'idx' implicitly has an 'any' type.
